[trawind-html.vercel.app/index.html]
[backblue.gif]
[fade.gif]
[index.html]
[trawind-html.vercel.app/assets/FAVICON-7b8a5848.png]
[cdn.jsdelivr.net/npm/glightbox/dist/css/glightbox.min.css]
[cdnjs.cloudflare.com/ajax/libs/font-awesome/6.7.2/css/all.min.css]
[cdn.jsdelivr.net/npm/remixicon/fonts/remixicon.css]
[cdn.jsdelivr.net/npm/@fancyapps/ui/dist/fancybox.css]
[cdn.jsdelivr.net/npm/swiper@11/swiper-bundle.min.css]
[trawind-html.vercel.app/assets/main-393238d8.js]
[trawind-html.vercel.app/assets/icons-c6274531.css]
[trawind-html.vercel.app/assets/tailwind-2f792eaa.css]
[trawind-html.vercel.app/index-2.html]
[trawind-html.vercel.app/assets/TRAWINDLOGO-0afd3337.svg]
[trawind-html.vercel.app/home.html]
[trawind-html.vercel.app/destination.html]
[trawind-html.vercel.app/destinationDetail.html]
[trawind-html.vercel.app/about.html]
[trawind-html.vercel.app/faqs.html]
[trawind-html.vercel.app/404.html]
[trawind-html.vercel.app/tour.html]
[trawind-html.vercel.app/tourDetails.html]
[trawind-html.vercel.app/blog.html]
[trawind-html.vercel.app/blogDetails.html]
[trawind-html.vercel.app/contact.html]
[trawind-html.vercel.app/assets/homeMen-dd385124.png]
[trawind-html.vercel.app/assets/homeGirl-cfc58145.png]
[trawind-html.vercel.app/assets/beach-10ae54de.png]
[trawind-html.vercel.app/assets/mountain-5a2db00c.png]
[trawind-html.vercel.app/assets/desert-569ec504.png]
[trawind-html.vercel.app/assets/temple-32a16820.png]
[trawind-html.vercel.app/assets/cities-d6b6f9b5.png]
[trawind-html.vercel.app/assets/pyramid-405435e7.png]
[trawind-html.vercel.app/assets/aboutimg1-b53ca5f6.png]
[trawind-html.vercel.app/assets/js/numberScroll.js]
[trawind-html.vercel.app/assets/california-acb5018c.png]
[trawind-html.vercel.app/assets/spain-b3d2ab4e.png]
[trawind-html.vercel.app/assets/japan-90d26b51.png]
[trawind-html.vercel.app/assets/france-6f9c3ecb.png]
[trawind-html.vercel.app/assets/england-091eae29.png]
[trawind-html.vercel.app/assets/newyork-dd1727da.png]
[trawind-html.vercel.app/assets/effieltower-918bfb1b.png]
[trawind-html.vercel.app/assets/burjkhalifa-15e36520.png]
[trawind-html.vercel.app/assets/canyon-2f3d0b35.png]
[trawind-html.vercel.app/assets/hiking-a55ff184.png]
[trawind-html.vercel.app/assets/desertSee-9402b7e3.png]
[trawind-html.vercel.app/assets/loure-aea4c19d.png]
[trawind-html.vercel.app/assets/50per-3f2ff95b.png]
[trawind-html.vercel.app/assets/jody-b436e406.png]
[trawind-html.vercel.app/assets/ella-d536f12b.png]
[trawind-html.vercel.app/assets/playBtn-c9e4253c.png]
[trawind-html.vercel.app/assets/village-a0cfed89.png]
[trawind-html.vercel.app/assets/sBeach-f0db09f3.png]
[trawind-html.vercel.app/assets/profile2-1cfb9e10.png]
[trawind-html.vercel.app/assets/waitomo-b7ee1d1f.png]
[trawind-html.vercel.app/assets/profile3-f07b0241.png]
[trawind-html.vercel.app/assets/footerLogo-3316a9ed.png]
[trawind-html.vercel.app/assets/images/model1.png]
[trawind-html.vercel.app/assets/gal1-954ddf15.png]
[trawind-html.vercel.app/assets/images/model2.png]
[trawind-html.vercel.app/assets/gal2-28e55067.png]
[trawind-html.vercel.app/assets/images/model3.png]
[trawind-html.vercel.app/assets/gal3-dfa21951.png]
[trawind-html.vercel.app/assets/images/model4.png]
[trawind-html.vercel.app/assets/gal4-d621f147.png]
[trawind-html.vercel.app/assets/images/model5.png]
[trawind-html.vercel.app/assets/gal5-d6cbd66d.png]
[trawind-html.vercel.app/assets/images/model6.png]
[trawind-html.vercel.app/assets/gal6-58852f8f.png]
[cdn.jsdelivr.net/npm/alpinejs@2.8.2/dist/alpine.min.js]
[cdn.jsdelivr.net/npm/preline@latest/dist/preline.js]
[cdn.jsdelivr.net/npm/@fancyapps/ui/dist/fancybox.umd.js]
[cdn.jsdelivr.net/npm/swiper@11/swiper-bundle.min.js]
[trawind-html.vercel.app/assets/js/search.js]
[trawind-html.vercel.app/index.html]
[cdn.jsdelivr.net/npm/glightbox/dist/css/glightbox.min.css]
[cdnjs.cloudflare.com/ajax/libs/font-awesome/6.7.2/css/all.min.css]
[cdn.jsdelivr.net/npm/remixicon/fonts/remixicon9711.eot]
[cdn.jsdelivr.net/npm/remixicon/fonts/remixicon9711.woff2]
[cdn.jsdelivr.net/npm/remixicon/fonts/remixicon9711.woff]
[cdn.jsdelivr.net/npm/remixicon/fonts/remixicon9711.ttf]
[cdn.jsdelivr.net/npm/remixicon/fonts/remixicon.css]
[cdn.jsdelivr.net/npm/@fancyapps/ui/dist/fancybox.css]
[cdn.jsdelivr.net/npm/swiper@11/swiper-bundle.min.css]
[cdn.jsdelivr.net/npm/remixicon/fonts/remixicon9711.svg]
[trawind-html.vercel.app/assets/remixicon-3d7b8a45117c.eot]
[trawind-html.vercel.app/assets/remixicon-7c1b0867117c.woff2]
[trawind-html.vercel.app/assets/remixicon-793349c8117c.woff]
[trawind-html.vercel.app/assets/remixicon-b074b4f2117c.ttf]
[trawind-html.vercel.app/assets/icons-c6274531.css]
[trawind-html.vercel.app/assets/remixicon-931f98fd117c.svg]
[trawind-html.vercel.app/assets/aboutBG-cb345c17.png]
[trawind-html.vercel.app/assets/bgBit-139d811b.png]
[trawind-html.vercel.app/assets/blogBg-e1b77bf3.png]
[trawind-html.vercel.app/assets/blogDetails-16c163a8.png]
[trawind-html.vercel.app/assets/contactBg-022c86d5.png]
[trawind-html.vercel.app/assets/ddBG-9aae91a4.png]
[trawind-html.vercel.app/assets/destinationBG-2a8fb7ea.png]
[trawind-html.vercel.app/assets/faqBg-2a459f18.png]
[trawind-html.vercel.app/assets/footerImg-1e855295.png]
[trawind-html.vercel.app/assets/destination-ed839c9f.png]
[trawind-html.vercel.app/assets/footerImg-bb355dde.png]
[trawind-html.vercel.app/assets/saleBG-5ab8f119.png]
[trawind-html.vercel.app/assets/skillImg-bec67880.png]
[trawind-html.vercel.app/assets/slide1-99206b9a.png]
[trawind-html.vercel.app/assets/slide2-fd7e0f98.png]
[trawind-html.vercel.app/assets/slide3-cb028ef5.png]
[trawind-html.vercel.app/assets/touristBG-08b4a330.png]
[trawind-html.vercel.app/assets/homeBG-372375d1.png]
[trawind-html.vercel.app/assets/signupBG-d7c25ad0.png]
[trawind-html.vercel.app/assets/tourDetailBg-ca548a49.png]
[trawind-html.vercel.app/assets/tourbg-4f554d91.jpg]
[trawind-html.vercel.app/assets/videoBG1-0513d89d.png]
[trawind-html.vercel.app/assets/tailwind-2f792eaa.css]
[trawind-html.vercel.app/index-2.html]
[trawind-html.vercel.app/assets/TRAWINDLOGO-0afd3337.svg]
[trawind-html.vercel.app/assets/parashootL-9fa4c84e.png]
[trawind-html.vercel.app/assets/tajmahel-ea1a1965.png]
[trawind-html.vercel.app/assets/aboutImg-cc02dab8.png]
[trawind-html.vercel.app/assets/beaches-15b58cbc.png]
[trawind-html.vercel.app/assets/mountain-790701a3.png]
[trawind-html.vercel.app/assets/desert-783f70e5.png]
[trawind-html.vercel.app/assets/temple-2f029f72.png]
[trawind-html.vercel.app/assets/cities-d4be8b27.png]
[trawind-html.vercel.app/assets/pyramid-c933d852.png]
[trawind-html.vercel.app/assets/tower-ed2d8a07.png]
[trawind-html.vercel.app/assets/perashootR-02cafd62.png]
[trawind-html.vercel.app/assets/chooseImg-05b8f2e1.png]
[trawind-html.vercel.app/assets/queen-2076ebd6.png]
[trawind-html.vercel.app/assets/japan-f769c7fe.png]
[trawind-html.vercel.app/assets/france-545ac7a5.png]
[trawind-html.vercel.app/assets/england-8174ea73.png]
[trawind-html.vercel.app/assets/sale-b11068ff.png]
[trawind-html.vercel.app/assets/build-7dd423bb.png]
[trawind-html.vercel.app/assets/effiel-f41b048b.png]
[trawind-html.vercel.app/assets/burj-1a18a899.png]
[trawind-html.vercel.app/assets/canyon-d6f1bddb.png]
[trawind-html.vercel.app/assets/halfBuild-68488c62.png]
[trawind-html.vercel.app/assets/austria-2ece65a9.png]
[trawind-html.vercel.app/assets/cambodia-f635c752.png]
[trawind-html.vercel.app/assets/newZelend-e5de1cdc.png]
[trawind-html.vercel.app/assets/js/numberScroll2.js]
[trawind-html.vercel.app/home.html]
[trawind-html.vercel.app/assets/india-ae429255.png]
[trawind-html.vercel.app/assets/switzerland-a9d795e2.png]
[trawind-html.vercel.app/assets/dubai-8ac7943c.png]
[trawind-html.vercel.app/destination.html]
[trawind-html.vercel.app/assets/slide1-97ebebbd.png]
[trawind-html.vercel.app/assets/slide2-0e63db3f.png]
[trawind-html.vercel.app/assets/slide3-f0faf65f.png]
[trawind-html.vercel.app/assets/half1-66fb3765.png]
[trawind-html.vercel.app/assets/half2-79bb38a4.png]
[trawind-html.vercel.app/assets/images/pic1.png]
[trawind-html.vercel.app/assets/pic1-d87c2838.png]
[trawind-html.vercel.app/assets/images/pic2.png]
[trawind-html.vercel.app/assets/pic2-17c6f1b8.png]
[trawind-html.vercel.app/assets/images/pic3.png]
[trawind-html.vercel.app/assets/pic3-f5a989d3.png]
[trawind-html.vercel.app/assets/images/pic4.png]
[trawind-html.vercel.app/assets/pic4-9adc59c8.png]
[trawind-html.vercel.app/assets/images/pic5.png]
[trawind-html.vercel.app/assets/pic5-12a00478.png]
[trawind-html.vercel.app/assets/images/pic6.png]
[trawind-html.vercel.app/assets/pic6-1494c11e.png]
[trawind-html.vercel.app/assets/ddslide1-1bab0b85.png]
[trawind-html.vercel.app/assets/ddslide2-27ec80a0.png]
[trawind-html.vercel.app/assets/ddslide3-9742988e.png]
[trawind-html.vercel.app/destinationDetail.html]
[trawind-html.vercel.app/about.html]
[trawind-html.vercel.app/faqs.html]
[trawind-html.vercel.app/assets/404-a17852bf.png]
[trawind-html.vercel.app/assets/js/loader.js]
[trawind-html.vercel.app/404.html]
[trawind-html.vercel.app/assets/mosque-0a406687.png]
[trawind-html.vercel.app/assets/twilight-fe28c082.png]
[trawind-html.vercel.app/assets/safari-bf74da4e.png]
[trawind-html.vercel.app/tour.html]
[trawind-html.vercel.app/assets/images/tdetail1.png]
[trawind-html.vercel.app/assets/tdetail1-6a59404d.png]
[trawind-html.vercel.app/assets/images/tdetail2.png]
[trawind-html.vercel.app/assets/tdetail2-28a74d75.png]
[trawind-html.vercel.app/assets/images/tdetail3.png]
[trawind-html.vercel.app/assets/tdetail3-d48ca35a.png]
[trawind-html.vercel.app/assets/images/tdetail4.png]
[trawind-html.vercel.app/assets/tdetail4-0d873b52.png]
[trawind-html.vercel.app/assets/images/tdetail5.png]
[trawind-html.vercel.app/assets/tdetail5-ac90692a.png]
[trawind-html.vercel.app/assets/mandy-f3600883.png]
[trawind-html.vercel.app/assets/calvin-af4e4067.png]
[trawind-html.vercel.app/tourDetails.html]
[trawind-html.vercel.app/assets/femaleHicker-e2dd07e4.png]
[trawind-html.vercel.app/assets/tips_hacks-1b6ecf97.png]
[trawind-html.vercel.app/assets/profile5-a822c643.png]
[trawind-html.vercel.app/assets/flights_hotels-bb1d23bb.png]
[trawind-html.vercel.app/assets/profile6-043eec55.png]
[trawind-html.vercel.app/blog.html]
[trawind-html.vercel.app/assets/austriabd-018fab94.png]
[trawind-html.vercel.app/assets/bd1-67d27514.png]
[trawind-html.vercel.app/assets/bd2-7885982a.png]
[trawind-html.vercel.app/assets/BDhalf1-af67c150.png]
[trawind-html.vercel.app/assets/BDhalf2-7d2802c5.png]
[trawind-html.vercel.app/assets/maurice-5f79183e.png]
[trawind-html.vercel.app/assets/eddie-d1d54a37.png]
[trawind-html.vercel.app/blogDetails.html]
[trawind-html.vercel.app/contact.html]
[cdn.jsdelivr.net/npm/remixicon/fonts/remixicon9711.svg]
[trawind-html.vercel.app/assets/remixicon-931f98fd117c.svg]
